------------------------------------------------------------
Timing Analyzer Summary
------------------------------------------------------------

Type  : Slow 1100mV 85C Model Setup 'clk'
Slack : -0.512
TNS   : -2.561

Type  : Slow 1100mV 85C Model Hold 'clk'
Slack : 0.386
TNS   : 0.000

Type  : Slow 1100mV 85C Model Minimum Pulse Width 'clk'
Slack : -0.724
TNS   : -6.651

Type  : Slow 1100mV 0C Model Setup 'clk'
Slack : -0.578
TNS   : -3.069

Type  : Slow 1100mV 0C Model Hold 'clk'
Slack : 0.374
TNS   : 0.000

Type  : Slow 1100mV 0C Model Minimum Pulse Width 'clk'
Slack : -0.724
TNS   : -6.674

Type  : Fast 1100mV 85C Model Setup 'clk'
Slack : 0.391
TNS   : 0.000

Type  : Fast 1100mV 85C Model Hold 'clk'
Slack : 0.173
TNS   : 0.000

Type  : Fast 1100mV 85C Model Minimum Pulse Width 'clk'
Slack : -0.085
TNS   : -0.499

Type  : Fast 1100mV 0C Model Setup 'clk'
Slack : 0.417
TNS   : 0.000

Type  : Fast 1100mV 0C Model Hold 'clk'
Slack : 0.157
TNS   : 0.000

Type  : Fast 1100mV 0C Model Minimum Pulse Width 'clk'
Slack : -0.084
TNS   : -0.496

------------------------------------------------------------
